// Jest Snapshot v1, https://goo.gl/fbAQLP

exports[`matches the snapshot 1`] = `
.c0 {
  background: #0000bf;
  position: relative;
  height: 75px;
  display: -webkit-box;
  display: -webkit-flex;
  display: -ms-flexbox;
  display: flex;
  -webkit-align-items: center;
  -webkit-box-align: center;
  -ms-flex-align: center;
  align-items: center;
  -webkit-box-pack: center;
  -webkit-justify-content: center;
  -ms-flex-pack: center;
  justify-content: center;
}

.c1 {
  display: block;
  margin: 0 0 0 0;
  font-family: Paytone One;
  font-style: normal;
  font-weight: normal;
  font-size: 36px;
  line-height: 68px;
  color: white;
}

<header
  class="c0"
>
  <h1
    class="c1"
  >
    The title
  </h1>
</header>
`;
